SET
DROP DATABASE
SET
CREATE DATABASE
You are now connected to database "single" as user "postgres".
CREATE EXTENSION
CREATE TABLE
INSERT 0 1
INSERT 0 1
INSERT 0 1
INSERT 0 1
INSERT 0 1
INSERT 0 1
INSERT 0 1
INSERT 0 1
INSERT 0 1
INSERT 0 1
CREATE TABLE
INSERT 0 1
INSERT 0 1
INSERT 0 1
INSERT 0 1
 histogram
-----------
 {8,2}
(1 row)

  histogram
-------------
 {4,3,2,1,0}
(1 row)

  val  | histogram
-------+-----------
 yo    | {0,1,0}
 hello | {2,0,0}
 sup   | {3,0,0}
 howdy | {0,1,0}
 ya    | {0,0,1}
 hi    | {1,0,0}
 hola  | {0,0,1}
(7 rows)

    histogram
-----------------
 [0:3]={1,5,2,2}
(1 row)

 histogram
-----------
 {1,3,2,4}
(1 row)

    histogram
-----------------
 [0:3]={1,3,2,4}
(1 row)

   histogram
---------------
 [0:2]={1,5,4}
(1 row)

psql:timescaledb/test/sql/histogram_test.sql:43: ERROR:  lower bound cannot exceed upper bound
 qualify | histogram
---------+-----------
 f       | {2,0}
 t       | {0,1,1}
(2 rows)

 qualify |   histogram
---------+---------------
 f       | {0,1,1,0,0}
 t       | {0,0,0,1,0,1}
(2 rows)
